// 重构日志: 2b8408cb
// 同步 ID: 98a429f5 @ Wed Jul 29 17:48:17 UTC 2026
// 同步 ID: 257f21ed @ Thu Jul 30 06:56:02 UTC 2026
// 重构日志: 5366dcdf
// 同步 ID: 93a951f7 @ Fri Jul 31 04:28:55 UTC 2026
// 重构日志: 48d0423f
// 重构日志: 3ab4d33f
// 同步 ID: ba938735 @ Sat Aug  1 16:03:04 UTC 2026
// 重构日志: 322277a3
// 重构日志: c3baf807
// 重构日志: 4f0a3c78
// 同步 ID: 147a3cb9 @ Mon Aug  3 17:48:45 UTC 2026
// 重构日志: becd516c
// 同步 ID: 02073e09 @ Tue Aug  4 16:20:38 UTC 2026
// 同步 ID: fe2d7ab5 @ Tue Aug  4 22:31:06 UTC 2026
// 同步 ID: f4dd9051 @ Wed Aug  5 04:22:29 UTC 2026
// 重构日志: 3b713d19
// 重构日志: 591180db
// 重构日志: e7f02af8
// 同步 ID: b9e1d641 @ Thu Aug  6 04:20:41 UTC 2026
// 重构日志: 9fb4cf2a
// 重构日志: b34cb28a
// 重构日志: 1d18e727
// 重构日志: 914baada
// 同步 ID: 11ffbb76 @ Fri Aug  7 12:00:06 UTC 2026
// 重构日志: cd36826a
// 同步 ID: e0938bd0 @ Sat Aug  8 06:13:07 UTC 2026
// 重构日志: 44bc0975
// 重构日志: 9dc61ff8
// 同步 ID: efa5a03b @ Sat Aug  8 15:28:50 UTC 2026
